memory allocation of 2.44 kibibytes (for type [u8; 2500]) failed