memory allocation of 2 kibibytes (for type [u8; 2048]) failed